// Jest Snapshot v1, https://goo.gl/fbAQLP

exports[`Testing login initial state 1`] = `"<div class=\\"collapse show\\"><div><p>add match selection data</p></div></div>"`;
