// Jest Snapshot v1, https://goo.gl/fbAQLP

exports[`Testing login initial state 1`] = `"<div class=\\"col\\"><div class=\\"row\\"><div class=\\"col\\"><div class=\\"MuiFormControl-root MuiTextField-root\\" style=\\"width:80%\\"><label class=\\"MuiFormLabel-root MuiFormLabel-colorSecondary MuiInputLabel-root MuiInputLabel-formControl MuiInputLabel-animated MuiInputLabel-outlined\\" data-shrink=\\"false\\" for=\\"username\\" id=\\"username-label\\">Username</label><div class=\\"MuiInputBase-root MuiOutlinedInput-root MuiInputBase-colorSecondary MuiOutlinedInput-colorSecondary MuiInputBase-formControl\\"><input type=\\"username\\" aria-invalid=\\"false\\" id=\\"username\\" name=\\"username\\" value=\\"\\" class=\\"MuiInputBase-input MuiOutlinedInput-input\\"/><fieldset aria-hidden=\\"true\\" class=\\"PrivateNotchedOutline-root-1 MuiOutlinedInput-notchedOutline\\"><legend class=\\"PrivateNotchedOutline-legendLabelled-3\\"><span>Username</span></legend></fieldset></div></div></div></div><div class=\\"pt-2 row\\"><div class=\\"col\\"><div class=\\"MuiFormControl-root MuiTextField-root\\" style=\\"width:80%\\"><label class=\\"MuiFormLabel-root MuiFormLabel-colorSecondary MuiInputLabel-root MuiInputLabel-formControl MuiInputLabel-animated MuiInputLabel-outlined\\" data-shrink=\\"false\\" for=\\"email\\" id=\\"email-label\\">Email Address</label><div class=\\"MuiInputBase-root MuiOutlinedInput-root MuiInputBase-colorSecondary MuiOutlinedInput-colorSecondary MuiInputBase-formControl\\"><input type=\\"text\\" aria-invalid=\\"false\\" id=\\"email\\" name=\\"email\\" value=\\"\\" class=\\"MuiInputBase-input MuiOutlinedInput-input\\"/><fieldset aria-hidden=\\"true\\" class=\\"PrivateNotchedOutline-root-1 MuiOutlinedInput-notchedOutline\\"><legend class=\\"PrivateNotchedOutline-legendLabelled-3\\"><span>Email Address</span></legend></fieldset></div></div></div></div><div class=\\"pt-2 row\\"><div class=\\"col\\"><div class=\\"MuiFormControl-root MuiTextField-root\\" style=\\"width:80%\\"><label class=\\"MuiFormLabel-root MuiFormLabel-colorSecondary MuiInputLabel-root MuiInputLabel-formControl MuiInputLabel-animated MuiInputLabel-outlined\\" data-shrink=\\"false\\" for=\\"password\\" id=\\"password-label\\">Password</label><div class=\\"MuiInputBase-root MuiOutlinedInput-root MuiInputBase-colorSecondary MuiOutlinedInput-colorSecondary MuiInputBase-formControl\\"><input type=\\"password\\" aria-invalid=\\"false\\" id=\\"password\\" name=\\"password\\" value=\\"\\" class=\\"MuiInputBase-input MuiOutlinedInput-input\\"/><fieldset aria-hidden=\\"true\\" class=\\"PrivateNotchedOutline-root-1 MuiOutlinedInput-notchedOutline\\"><legend class=\\"PrivateNotchedOutline-legendLabelled-3\\"><span>Password</span></legend></fieldset></div></div></div></div><div class=\\"pt-2 row\\"><div class=\\"d-flex justify-content-center col\\"><button class=\\"MuiButtonBase-root MuiButton-root MuiButton-contained MuiButton-containedSecondary\\" tabindex=\\"0\\" type=\\"button\\" style=\\"text-transform:none\\"><span class=\\"MuiButton-label\\">Sign Up</span></button></div></div><div class=\\"pt-2 row\\"><div class=\\"d-flex justify-content-center col\\"><div>Already have an account? </div><button class=\\"MuiButtonBase-root MuiButton-root MuiButton-text MuiButton-textSecondary MuiButton-textSizeSmall MuiButton-sizeSmall\\" tabindex=\\"0\\" type=\\"button\\" style=\\"text-transform:none\\"><span class=\\"MuiButton-label\\">Log In</span></button></div></div></div>"`;
