// Jest Snapshot v1, https://goo.gl/fbAQLP

exports[`Testing footer initial state 1`] = `"<div class=\\"footer\\"><p>This site built by Team We Them Boys</p></div>"`;
