// Jest Snapshot v1, https://goo.gl/fbAQLP

exports[`Testing header initial state 1`] = `"<p>add header data</p>"`;
