// Jest Snapshot v1, https://goo.gl/fbAQLP

exports[`Testing login initial state 1`] = `"<div class=\\"collapse show\\"><div class=\\"fullSize\\"><div class=\\"sidebar\\"><p>White player name and pieces captured</p></div><div class=\\"mainBody\\"><div class=\\"MuiGrid-root gameBoard MuiGrid-container\\"><div class=\\"MuiGrid-root MuiGrid-item\\" style=\\"flex:1\\"><div class=\\"MuiGrid-root MuiGrid-item\\"><button class=\\"whiteBoardSquare btn btn-secondary\\"><img src=\\"Pawn.png\\" class=\\"transparent chessPiece\\" alt=\\"empty square\\"/></button></div><div class=\\"MuiGrid-root MuiGrid-item\\"><button class=\\"blackBoardSquare btn btn-secondary\\"><img src=\\"Pawn.png\\" class=\\"transparent chessPiece\\" alt=\\"empty square\\"/></button></div><div class=\\"MuiGrid-root MuiGrid-item\\"><button class=\\"whiteBoardSquare btn btn-secondary\\"><img src=\\"Pawn.png\\" class=\\"transparent chessPiece\\" alt=\\"empty square\\"/></button></div><div class=\\"MuiGrid-root MuiGrid-item\\"><button class=\\"blackBoardSquare btn btn-secondary\\"><img src=\\"Pawn.png\\" class=\\"transparent chessPiece\\" alt=\\"empty square\\"/></button></div><div class=\\"MuiGrid-root MuiGrid-item\\"><button class=\\"whiteBoardSquare btn btn-secondary\\"><img src=\\"Pawn.png\\" class=\\"transparent chessPiece\\" alt=\\"empty square\\"/></button></div><div class=\\"MuiGrid-root MuiGrid-item\\"><button class=\\"blackBoardSquare btn btn-secondary\\"><img src=\\"Pawn.png\\" class=\\"transparent chessPiece\\" alt=\\"empty square\\"/></button></div><div class=\\"MuiGrid-root MuiGrid-item\\"><button class=\\"whiteBoardSquare btn btn-secondary\\"><img src=\\"Pawn.png\\" class=\\"transparent chessPiece\\" alt=\\"empty square\\"/></button></div><div class=\\"MuiGrid-root MuiGrid-item\\"><button class=\\"blackBoardSquare btn btn-secondary\\"><img src=\\"Pawn.png\\" class=\\"transparent chessPiece\\" alt=\\"empty square\\"/></button></div></div><div class=\\"MuiGrid-root MuiGrid-item\\" style=\\"flex:1\\"><div class=\\"MuiGrid-root MuiGrid-item\\"><button class=\\"blackBoardSquare btn btn-secondary\\"><img src=\\"Pawn.png\\" class=\\"transparent chessPiece\\" alt=\\"empty square\\"/></button></div><div class=\\"MuiGrid-root MuiGrid-item\\"><button class=\\"whiteBoardSquare btn btn-secondary\\"><img src=\\"Pawn.png\\" class=\\"transparent chessPiece\\" alt=\\"empty square\\"/></button></div><div class=\\"MuiGrid-root MuiGrid-item\\"><button class=\\"blackBoardSquare btn btn-secondary\\"><img src=\\"Pawn.png\\" class=\\"transparent chessPiece\\" alt=\\"empty square\\"/></button></div><div class=\\"MuiGrid-root MuiGrid-item\\"><button class=\\"whiteBoardSquare btn btn-secondary\\"><img src=\\"Pawn.png\\" class=\\"transparent chessPiece\\" alt=\\"empty square\\"/></button></div><div class=\\"MuiGrid-root MuiGrid-item\\"><button class=\\"blackBoardSquare btn btn-secondary\\"><img src=\\"Pawn.png\\" class=\\"transparent chessPiece\\" alt=\\"empty square\\"/></button></div><div class=\\"MuiGrid-root MuiGrid-item\\"><button class=\\"whiteBoardSquare btn btn-secondary\\"><img src=\\"Pawn.png\\" class=\\"transparent chessPiece\\" alt=\\"empty square\\"/></button></div><div class=\\"MuiGrid-root MuiGrid-item\\"><button class=\\"blackBoardSquare btn btn-secondary\\"><img src=\\"Pawn.png\\" class=\\"transparent chessPiece\\" alt=\\"empty square\\"/></button></div><div class=\\"MuiGrid-root MuiGrid-item\\"><button class=\\"whiteBoardSquare btn btn-secondary\\"><img src=\\"Pawn.png\\" class=\\"transparent chessPiece\\" alt=\\"empty square\\"/></button></div></div><div class=\\"MuiGrid-root MuiGrid-item\\" style=\\"flex:1\\"><div class=\\"MuiGrid-root MuiGrid-item\\"><button class=\\"whiteBoardSquare btn btn-secondary\\"><img src=\\"Pawn.png\\" class=\\"transparent chessPiece\\" alt=\\"empty square\\"/></button></div><div class=\\"MuiGrid-root MuiGrid-item\\"><button class=\\"blackBoardSquare btn btn-secondary\\"><img src=\\"Pawn.png\\" class=\\"transparent chessPiece\\" alt=\\"empty square\\"/></button></div><div class=\\"MuiGrid-root MuiGrid-item\\"><button class=\\"whiteBoardSquare btn btn-secondary\\"><img src=\\"Pawn.png\\" class=\\"transparent chessPiece\\" alt=\\"empty square\\"/></button></div><div class=\\"MuiGrid-root MuiGrid-item\\"><button class=\\"blackBoardSquare btn btn-secondary\\"><img src=\\"Pawn.png\\" class=\\"transparent chessPiece\\" alt=\\"empty square\\"/></button></div><div class=\\"MuiGrid-root MuiGrid-item\\"><button class=\\"whiteBoardSquare btn btn-secondary\\"><img src=\\"Pawn.png\\" class=\\"transparent chessPiece\\" alt=\\"empty square\\"/></button></div><div class=\\"MuiGrid-root MuiGrid-item\\"><button class=\\"blackBoardSquare btn btn-secondary\\"><img src=\\"Pawn.png\\" class=\\"transparent chessPiece\\" alt=\\"empty square\\"/></button></div><div class=\\"MuiGrid-root MuiGrid-item\\"><button class=\\"whiteBoardSquare btn btn-secondary\\"><img src=\\"Pawn.png\\" class=\\"transparent chessPiece\\" alt=\\"empty square\\"/></button></div><div class=\\"MuiGrid-root MuiGrid-item\\"><button class=\\"blackBoardSquare btn btn-secondary\\"><img src=\\"Pawn.png\\" class=\\"transparent chessPiece\\" alt=\\"empty square\\"/></button></div></div><div class=\\"MuiGrid-root MuiGrid-item\\" style=\\"flex:1\\"><div class=\\"MuiGrid-root MuiGrid-item\\"><button class=\\"blackBoardSquare btn btn-secondary\\"><img src=\\"Pawn.png\\" class=\\"transparent chessPiece\\" alt=\\"empty square\\"/></button></div><div class=\\"MuiGrid-root MuiGrid-item\\"><button class=\\"whiteBoardSquare btn btn-secondary\\"><img src=\\"Pawn.png\\" class=\\"transparent chessPiece\\" alt=\\"empty square\\"/></button></div><div class=\\"MuiGrid-root MuiGrid-item\\"><button class=\\"blackBoardSquare btn btn-secondary\\"><img src=\\"Pawn.png\\" class=\\"transparent chessPiece\\" alt=\\"empty square\\"/></button></div><div class=\\"MuiGrid-root MuiGrid-item\\"><button class=\\"whiteBoardSquare btn btn-secondary\\"><img src=\\"Pawn.png\\" class=\\"transparent chessPiece\\" alt=\\"empty square\\"/></button></div><div class=\\"MuiGrid-root MuiGrid-item\\"><button class=\\"blackBoardSquare btn btn-secondary\\"><img src=\\"Pawn.png\\" class=\\"transparent chessPiece\\" alt=\\"empty square\\"/></button></div><div class=\\"MuiGrid-root MuiGrid-item\\"><button class=\\"whiteBoardSquare btn btn-secondary\\"><img src=\\"Pawn.png\\" class=\\"transparent chessPiece\\" alt=\\"empty square\\"/></button></div><div class=\\"MuiGrid-root MuiGrid-item\\"><button class=\\"blackBoardSquare btn btn-secondary\\"><img src=\\"Pawn.png\\" class=\\"transparent chessPiece\\" alt=\\"empty square\\"/></button></div><div class=\\"MuiGrid-root MuiGrid-item\\"><button class=\\"whiteBoardSquare btn btn-secondary\\"><img src=\\"Pawn.png\\" class=\\"transparent chessPiece\\" alt=\\"empty square\\"/></button></div></div><div class=\\"MuiGrid-root MuiGrid-item\\" style=\\"flex:1\\"><div class=\\"MuiGrid-root MuiGrid-item\\"><button class=\\"whiteBoardSquare btn btn-secondary\\"><img src=\\"Pawn.png\\" class=\\"transparent chessPiece\\" alt=\\"empty square\\"/></button></div><div class=\\"MuiGrid-root MuiGrid-item\\"><button class=\\"blackBoardSquare btn btn-secondary\\"><img src=\\"Pawn.png\\" class=\\"transparent chessPiece\\" alt=\\"empty square\\"/></button></div><div class=\\"MuiGrid-root MuiGrid-item\\"><button class=\\"whiteBoardSquare btn btn-secondary\\"><img src=\\"Pawn.png\\" class=\\"transparent chessPiece\\" alt=\\"empty square\\"/></button></div><div class=\\"MuiGrid-root MuiGrid-item\\"><button class=\\"blackBoardSquare btn btn-secondary\\"><img src=\\"Pawn.png\\" class=\\"transparent chessPiece\\" alt=\\"empty square\\"/></button></div><div class=\\"MuiGrid-root MuiGrid-item\\"><button class=\\"whiteBoardSquare btn btn-secondary\\"><img src=\\"Pawn.png\\" class=\\"transparent chessPiece\\" alt=\\"empty square\\"/></button></div><div class=\\"MuiGrid-root MuiGrid-item\\"><button class=\\"blackBoardSquare btn btn-secondary\\"><img src=\\"Pawn.png\\" class=\\"transparent chessPiece\\" alt=\\"empty square\\"/></button></div><div class=\\"MuiGrid-root MuiGrid-item\\"><button class=\\"whiteBoardSquare btn btn-secondary\\"><img src=\\"Pawn.png\\" class=\\"transparent chessPiece\\" alt=\\"empty square\\"/></button></div><div class=\\"MuiGrid-root MuiGrid-item\\"><button class=\\"blackBoardSquare btn btn-secondary\\"><img src=\\"Pawn.png\\" class=\\"transparent chessPiece\\" alt=\\"empty square\\"/></button></div></div><div class=\\"MuiGrid-root MuiGrid-item\\" style=\\"flex:1\\"><div class=\\"MuiGrid-root MuiGrid-item\\"><button class=\\"blackBoardSquare btn btn-secondary\\"><img src=\\"Pawn.png\\" class=\\"transparent chessPiece\\" alt=\\"empty square\\"/></button></div><div class=\\"MuiGrid-root MuiGrid-item\\"><button class=\\"whiteBoardSquare btn btn-secondary\\"><img src=\\"Pawn.png\\" class=\\"transparent chessPiece\\" alt=\\"empty square\\"/></button></div><div class=\\"MuiGrid-root MuiGrid-item\\"><button class=\\"blackBoardSquare btn btn-secondary\\"><img src=\\"Pawn.png\\" class=\\"transparent chessPiece\\" alt=\\"empty square\\"/></button></div><div class=\\"MuiGrid-root MuiGrid-item\\"><button class=\\"whiteBoardSquare btn btn-secondary\\"><img src=\\"Pawn.png\\" class=\\"transparent chessPiece\\" alt=\\"empty square\\"/></button></div><div class=\\"MuiGrid-root MuiGrid-item\\"><button class=\\"blackBoardSquare btn btn-secondary\\"><img src=\\"Pawn.png\\" class=\\"transparent chessPiece\\" alt=\\"empty square\\"/></button></div><div class=\\"MuiGrid-root MuiGrid-item\\"><button class=\\"whiteBoardSquare btn btn-secondary\\"><img src=\\"Pawn.png\\" class=\\"transparent chessPiece\\" alt=\\"empty square\\"/></button></div><div class=\\"MuiGrid-root MuiGrid-item\\"><button class=\\"blackBoardSquare btn btn-secondary\\"><img src=\\"Pawn.png\\" class=\\"transparent chessPiece\\" alt=\\"empty square\\"/></button></div><div class=\\"MuiGrid-root MuiGrid-item\\"><button class=\\"whiteBoardSquare btn btn-secondary\\"><img src=\\"Pawn.png\\" class=\\"transparent chessPiece\\" alt=\\"empty square\\"/></button></div></div><div class=\\"MuiGrid-root MuiGrid-item\\" style=\\"flex:1\\"><div class=\\"MuiGrid-root MuiGrid-item\\"><button class=\\"whiteBoardSquare btn btn-secondary\\"><img src=\\"Pawn.png\\" class=\\"transparent chessPiece\\" alt=\\"empty square\\"/></button></div><div class=\\"MuiGrid-root MuiGrid-item\\"><button class=\\"blackBoardSquare btn btn-secondary\\"><img src=\\"Pawn.png\\" class=\\"transparent chessPiece\\" alt=\\"empty square\\"/></button></div><div class=\\"MuiGrid-root MuiGrid-item\\"><button class=\\"whiteBoardSquare btn btn-secondary\\"><img src=\\"Pawn.png\\" class=\\"transparent chessPiece\\" alt=\\"empty square\\"/></button></div><div class=\\"MuiGrid-root MuiGrid-item\\"><button class=\\"blackBoardSquare btn btn-secondary\\"><img src=\\"Pawn.png\\" class=\\"transparent chessPiece\\" alt=\\"empty square\\"/></button></div><div class=\\"MuiGrid-root MuiGrid-item\\"><button class=\\"whiteBoardSquare btn btn-secondary\\"><img src=\\"Pawn.png\\" class=\\"transparent chessPiece\\" alt=\\"empty square\\"/></button></div><div class=\\"MuiGrid-root MuiGrid-item\\"><button class=\\"blackBoardSquare btn btn-secondary\\"><img src=\\"Pawn.png\\" class=\\"transparent chessPiece\\" alt=\\"empty square\\"/></button></div><div class=\\"MuiGrid-root MuiGrid-item\\"><button class=\\"whiteBoardSquare btn btn-secondary\\"><img src=\\"Pawn.png\\" class=\\"transparent chessPiece\\" alt=\\"empty square\\"/></button></div><div class=\\"MuiGrid-root MuiGrid-item\\"><button class=\\"blackBoardSquare btn btn-secondary\\"><img src=\\"Pawn.png\\" class=\\"transparent chessPiece\\" alt=\\"empty square\\"/></button></div></div><div class=\\"MuiGrid-root MuiGrid-item\\" style=\\"flex:1\\"><div class=\\"MuiGrid-root MuiGrid-item\\"><button class=\\"blackBoardSquare btn btn-secondary\\"><img src=\\"Pawn.png\\" class=\\"transparent chessPiece\\" alt=\\"empty square\\"/></button></div><div class=\\"MuiGrid-root MuiGrid-item\\"><button class=\\"whiteBoardSquare btn btn-secondary\\"><img src=\\"Pawn.png\\" class=\\"transparent chessPiece\\" alt=\\"empty square\\"/></button></div><div class=\\"MuiGrid-root MuiGrid-item\\"><button class=\\"blackBoardSquare btn btn-secondary\\"><img src=\\"Pawn.png\\" class=\\"transparent chessPiece\\" alt=\\"empty square\\"/></button></div><div class=\\"MuiGrid-root MuiGrid-item\\"><button class=\\"whiteBoardSquare btn btn-secondary\\"><img src=\\"Pawn.png\\" class=\\"transparent chessPiece\\" alt=\\"empty square\\"/></button></div><div class=\\"MuiGrid-root MuiGrid-item\\"><button class=\\"blackBoardSquare btn btn-secondary\\"><img src=\\"Pawn.png\\" class=\\"transparent chessPiece\\" alt=\\"empty square\\"/></button></div><div class=\\"MuiGrid-root MuiGrid-item\\"><button class=\\"whiteBoardSquare btn btn-secondary\\"><img src=\\"Pawn.png\\" class=\\"transparent chessPiece\\" alt=\\"empty square\\"/></button></div><div class=\\"MuiGrid-root MuiGrid-item\\"><button class=\\"blackBoardSquare btn btn-secondary\\"><img src=\\"Pawn.png\\" class=\\"transparent chessPiece\\" alt=\\"empty square\\"/></button></div><div class=\\"MuiGrid-root MuiGrid-item\\"><button class=\\"whiteBoardSquare btn btn-secondary\\"><img src=\\"Pawn.png\\" class=\\"transparent chessPiece\\" alt=\\"empty square\\"/></button></div></div></div></div><div class=\\"sidebar\\"><p>Black player name and pieces captured</p></div></div></div>"`;
