// Jest Snapshot v1, https://goo.gl/fbAQLP

exports[`Testing profile initial state 1`] = `"<div class=\\"collapse show\\"><div><p>add profile data</p></div></div>"`;
